../Drivers/CMSIS/Include/core_cm3.h:1876:26:ITM_SendChar	16	static,ignoring_inline_asm
../Core/Src/main.c:90:6:HAL_CAN_RxFifo0MsgPendingCallback	16	static
../Core/Src/main.c:101:5:main	224	static
../Core/Src/main.c:235:6:SystemClock_Config	72	static
../Core/Src/main.c:275:13:MX_CAN_Init	48	static
../Core/Src/main.c:327:13:MX_TIM2_Init	64	static
../Core/Src/main.c:390:13:MX_USART1_UART_Init	8	static
../Core/Src/main.c:423:13:MX_GPIO_Init	40	static
../Core/Src/main.c:455:5:_write	32	static
../Core/Src/main.c:472:6:Error_Handler	8	static,ignoring_inline_asm
